=== claude content/agents/synthetic/synthetic-inherit-effort.md (220 bytes) ===
---
description: "Implementing role that inherits the model and declares an effort."
effort: "medium"
model: "inherit"
name: "synthetic-inherit-effort"
---

# synthetic-inherit-effort

Make the change you are asked for.

=== end ===
=== codex content/agents/synthetic/synthetic-inherit-effort.md (246 bytes) ===
description = "Implementing role that inherits the model and declares an effort."
model_reasoning_effort = "medium"
name = "synthetic-inherit-effort"
developer_instructions = "\n# synthetic-inherit-effort\n\nMake the change you are asked for.\n"

=== end ===
=== cursor content/agents/synthetic/synthetic-inherit-effort.md (203 bytes) ===
---
description: "Implementing role that inherits the model and declares an effort."
model: "inherit"
name: "synthetic-inherit-effort"
---

# synthetic-inherit-effort

Make the change you are asked for.

=== end ===
=== grok content/agents/synthetic/synthetic-inherit-effort.md (222 bytes) ===
---
agentsMd: true
description: "Implementing role that inherits the model and declares an effort."
name: "synthetic-inherit-effort"
promptMode: "extend"
---

# synthetic-inherit-effort

Make the change you are asked for.

=== end ===
=== opencode content/agents/synthetic/synthetic-inherit-effort.md (198 bytes) ===
---
description: "Implementing role that inherits the model and declares an effort."
mode: "subagent"
model: "syn-oc/inherit#max"
---

# synthetic-inherit-effort

Make the change you are asked for.

=== end ===
=== pi content/agents/synthetic/synthetic-inherit-effort.md (327 bytes) ===
---
description: |-
  Implementing role that inherits the model and declares an effort.
inheritGlobalContext: true
inheritProjectContext: true
inheritSkills: true
model: "inherit"
name: "synthetic-inherit-effort"
systemPromptMode: "append"
thinking: "medium"
---

# synthetic-inherit-effort

Make the change you are asked for.

=== end ===
=== claude content/agents/synthetic/synthetic-inherit.md (268 bytes) ===
---
description: "Read-only role that inherits the model and declares no effort."
disallowedTools: ["Write","Edit","NotebookEdit"]
effort: "low"
model: "inherit"
name: "synthetic-inherit"
permissionMode: "plan"
---

# synthetic-inherit

Answer with the session model.

=== end ===
=== codex content/agents/synthetic/synthetic-inherit.md (249 bytes) ===
description = "Read-only role that inherits the model and declares no effort."
model_reasoning_effort = "low"
name = "synthetic-inherit"
sandbox_mode = "read-only"
developer_instructions = "\n# synthetic-inherit\n\nAnswer with the session model.\n"

=== end ===
=== cursor content/agents/synthetic/synthetic-inherit.md (197 bytes) ===
---
description: "Read-only role that inherits the model and declares no effort."
model: "inherit"
name: "synthetic-inherit"
readonly: true
---

# synthetic-inherit

Answer with the session model.

=== end ===
=== grok content/agents/synthetic/synthetic-inherit.md (317 bytes) ===
---
agentsMd: true
description: "Read-only role that inherits the model and declares no effort."
disallowedTools: ["Write","Edit","NotebookEdit","search_replace","write_file","apply_patch"]
name: "synthetic-inherit"
permissionMode: "plan"
promptMode: "extend"
---

# synthetic-inherit

Answer with the session model.

=== end ===
=== opencode content/agents/synthetic/synthetic-inherit.md (248 bytes) ===
---
description: "Read-only role that inherits the model and declares no effort."
mode: "subagent"
model: "syn-oc/inherit#max"
permissions: [{"action":"edit","effect":"deny","resource":"*"}]
---

# synthetic-inherit

Answer with the session model.

=== end ===
=== pi content/agents/synthetic/synthetic-inherit.md (328 bytes) ===
---
description: |-
  Read-only role that inherits the model and declares no effort.
excludeTools: write,edit
inheritGlobalContext: true
inheritProjectContext: true
inheritSkills: true
model: "inherit"
name: "synthetic-inherit"
systemPromptMode: "append"
thinking: "low"
---

# synthetic-inherit

Answer with the session model.

=== end ===
=== claude content/agents/synthetic/synthetic-observer.md (283 bytes) ===
---
description: "Read-only role on the execution profile."
disallowedTools: ["Write","Edit","NotebookEdit"]
effort: "medium"
model: "syn-claude-exec"
name: "synthetic-observer"
permissionMode: "plan"
---

# synthetic-observer

Read the files you are given and report what you find.

=== end ===
=== codex content/agents/synthetic/synthetic-observer.md (281 bytes) ===
description = "Read-only role on the execution profile."
model = "syn-codex-exec"
model_reasoning_effort = "medium"
name = "synthetic-observer"
sandbox_mode = "read-only"
developer_instructions = "\n# synthetic-observer\n\nRead the files you are given and report what you find.\n"

=== end ===
=== cursor content/agents/synthetic/synthetic-observer.md (201 bytes) ===
---
description: "Read-only role on the execution profile."
model: "inherit"
name: "synthetic-observer"
readonly: true
---

# synthetic-observer

Read the files you are given and report what you find.

=== end ===
=== grok content/agents/synthetic/synthetic-observer.md (321 bytes) ===
---
agentsMd: true
description: "Read-only role on the execution profile."
disallowedTools: ["Write","Edit","NotebookEdit","search_replace","write_file","apply_patch"]
name: "synthetic-observer"
permissionMode: "plan"
promptMode: "extend"
---

# synthetic-observer

Read the files you are given and report what you find.

=== end ===
=== opencode content/agents/synthetic/synthetic-observer.md (251 bytes) ===
---
description: "Read-only role on the execution profile."
mode: "subagent"
model: "syn-oc/exec#medium"
permissions: [{"action":"edit","effect":"deny","resource":"*"}]
---

# synthetic-observer

Read the files you are given and report what you find.

=== end ===
=== pi content/agents/synthetic/synthetic-observer.md (339 bytes) ===
---
description: |-
  Read-only role on the execution profile.
excludeTools: write,edit
inheritGlobalContext: true
inheritProjectContext: true
inheritSkills: true
model: "syn-pi/exec"
name: "synthetic-observer"
systemPromptMode: "append"
thinking: "medium"
---

# synthetic-observer

Read the files you are given and report what you find.

=== end ===
=== claude content/agents/synthetic/synthetic-reasoner.md (217 bytes) ===
---
description: "Verifying role on the reasoning profile with its own efforts."
effort: "max"
model: "syn-claude-reason"
name: "synthetic-reasoner"
---

# synthetic-reasoner

Think carefully and return the evidence.

=== end ===
=== codex content/agents/synthetic/synthetic-reasoner.md (262 bytes) ===
description = "Verifying role on the reasoning profile with its own efforts."
model = "syn-codex-reason"
model_reasoning_effort = "xhigh"
name = "synthetic-reasoner"
developer_instructions = "\n# synthetic-reasoner\n\nThink carefully and return the evidence.\n"

=== end ===
=== cursor content/agents/synthetic/synthetic-reasoner.md (193 bytes) ===
---
description: "Verifying role on the reasoning profile with its own efforts."
model: "inherit"
name: "synthetic-reasoner"
---

# synthetic-reasoner

Think carefully and return the evidence.

=== end ===
=== grok content/agents/synthetic/synthetic-reasoner.md (212 bytes) ===
---
agentsMd: true
description: "Verifying role on the reasoning profile with its own efforts."
name: "synthetic-reasoner"
promptMode: "extend"
---

# synthetic-reasoner

Think carefully and return the evidence.

=== end ===
=== opencode content/agents/synthetic/synthetic-reasoner.md (195 bytes) ===
---
description: "Verifying role on the reasoning profile with its own efforts."
mode: "subagent"
model: "syn-oc/reason#xhigh"
---

# synthetic-reasoner

Think carefully and return the evidence.

=== end ===
=== pi content/agents/synthetic/synthetic-reasoner.md (322 bytes) ===
---
description: |-
  Verifying role on the reasoning profile with its own efforts.
inheritGlobalContext: true
inheritProjectContext: true
inheritSkills: true
model: "syn-pi/reason"
name: "synthetic-reasoner"
systemPromptMode: "append"
thinking: "xhigh"
---

# synthetic-reasoner

Think carefully and return the evidence.

=== end ===
=== claude content/agents/synthetic/synthetic-unicode.md (285 bytes) ===
---
description: "A \"quoted\" role at C:\\work with mañana."
effort: "medium"
model: "syn-claude-exec"
name: "synthetic-unicode"
---

# synthetic-unicode

Use "double quotes", 'single quotes', C:\\work, and `code`.
Unicode survives: mañana, naïve café, 日本語, and a tab:	end.

=== end ===
=== codex content/agents/synthetic/synthetic-unicode.md (334 bytes) ===
description = "A \"quoted\" role at C:\\work with mañana."
model = "syn-codex-exec"
model_reasoning_effort = "medium"
name = "synthetic-unicode"
developer_instructions = "\n# synthetic-unicode\n\nUse \"double quotes\", 'single quotes', C:\\\\work, and `code`.\nUnicode survives: mañana, naïve café, 日本語, and a tab:\tend.\n"

=== end ===
=== cursor content/agents/synthetic/synthetic-unicode.md (260 bytes) ===
---
description: "A \"quoted\" role at C:\\work with mañana."
model: "inherit"
name: "synthetic-unicode"
---

# synthetic-unicode

Use "double quotes", 'single quotes', C:\\work, and `code`.
Unicode survives: mañana, naïve café, 日本語, and a tab:	end.

=== end ===
=== grok content/agents/synthetic/synthetic-unicode.md (279 bytes) ===
---
agentsMd: true
description: "A \"quoted\" role at C:\\work with mañana."
name: "synthetic-unicode"
promptMode: "extend"
---

# synthetic-unicode

Use "double quotes", 'single quotes', C:\\work, and `code`.
Unicode survives: mañana, naïve café, 日本語, and a tab:	end.

=== end ===
=== opencode content/agents/synthetic/synthetic-unicode.md (262 bytes) ===
---
description: "A \"quoted\" role at C:\\work with mañana."
mode: "subagent"
model: "syn-oc/exec#medium"
---

# synthetic-unicode

Use "double quotes", 'single quotes', C:\\work, and `code`.
Unicode survives: mañana, naïve café, 日本語, and a tab:	end.

=== end ===
=== pi content/agents/synthetic/synthetic-unicode.md (385 bytes) ===
---
description: |-
  A "quoted" role at C:\work with mañana.
inheritGlobalContext: true
inheritProjectContext: true
inheritSkills: true
model: "syn-pi/exec"
name: "synthetic-unicode"
systemPromptMode: "append"
thinking: "medium"
---

# synthetic-unicode

Use "double quotes", 'single quotes', C:\\work, and `code`.
Unicode survives: mañana, naïve café, 日本語, and a tab:	end.

=== end ===
=== claude content/agents/synthetic/synthetic-verifier.md (208 bytes) ===
---
description: "Verifying role on the verifier model profile."
effort: "xhigh"
model: "syn-claude-verify"
name: "synthetic-verifier"
---

# synthetic-verifier

Check the result independently of its author.

=== end ===
=== codex content/agents/synthetic/synthetic-verifier.md (251 bytes) ===
description = "Verifying role on the verifier model profile."
model = "syn-codex-verify"
model_reasoning_effort = "xhigh"
name = "synthetic-verifier"
developer_instructions = "\n# synthetic-verifier\n\nCheck the result independently of its author.\n"

=== end ===
=== cursor content/agents/synthetic/synthetic-verifier.md (182 bytes) ===
---
description: "Verifying role on the verifier model profile."
model: "inherit"
name: "synthetic-verifier"
---

# synthetic-verifier

Check the result independently of its author.

=== end ===
=== grok content/agents/synthetic/synthetic-verifier.md (226 bytes) ===
---
agentsMd: true
description: "Verifying role on the verifier model profile."
model: "syn-grok-verify"
name: "synthetic-verifier"
promptMode: "extend"
---

# synthetic-verifier

Check the result independently of its author.

=== end ===
=== opencode content/agents/synthetic/synthetic-verifier.md (184 bytes) ===
---
description: "Verifying role on the verifier model profile."
mode: "subagent"
model: "syn-oc/verify#xhigh"
---

# synthetic-verifier

Check the result independently of its author.

=== end ===
=== pi content/agents/synthetic/synthetic-verifier.md (311 bytes) ===
---
description: |-
  Verifying role on the verifier model profile.
inheritGlobalContext: true
inheritProjectContext: true
inheritSkills: true
model: "syn-pi/verify"
name: "synthetic-verifier"
systemPromptMode: "append"
thinking: "xhigh"
---

# synthetic-verifier

Check the result independently of its author.

=== end ===
