claude
  Role                      Profile     Model                     Effort
  design  mixed  mixed
  hive-design-architecture  reasoning   syn-claude-reason         high
  plain-role                execution   syn-claude-exec           medium
  quality  inherit (parent session)  low
  inherit-role              inherit     inherit (parent session)  low

codex
  Role                      Profile     Model             Effort
  design  mixed  mixed
  hive-design-architecture  reasoning   syn-codex-reason  high
  plain-role                execution   syn-codex-exec    medium
  quality  host default  low
  inherit-role              inherit     host default      low

grok
  Role                      Profile     Model         Effort
  design  host default  -
  hive-design-architecture  reasoning   host default  -
  plain-role                execution   host default  -
  quality  host default  -
  inherit-role              inherit     host default  -

opencode
  Role                      Profile     Model           Effort
  design  mixed  mixed
  hive-design-architecture  reasoning   syn-oc/reason   high
  plain-role                execution   syn-oc/exec     medium
  quality  syn-oc/inherit  max
  inherit-role              inherit     syn-oc/inherit  max

pi
  Role                      Profile     Model                     Effort
  design  mixed  mixed
  hive-design-architecture  reasoning   syn-pi/reason             high
  plain-role                execution   syn-pi/exec               medium
  quality  inherit (parent session)  low
  inherit-role              inherit     inherit (parent session)  low
